* using log directory ‘/home/grover/pos-doc-projects/statGraph/statGraph.Rcheck’
* using R version 4.3.2 (2023-10-31)
* using platform: x86_64-pc-linux-gnu (64-bit)
* R was compiled by
    gcc (Ubuntu 11.4.0-1ubuntu1~22.04) 11.4.0
    GNU Fortran (Ubuntu 11.4.0-1ubuntu1~22.04) 11.4.0
* running under: Ubuntu 22.04.2 LTS
* using session charset: UTF-8
* checking for file ‘statGraph/DESCRIPTION’ ... OK
* checking extension type ... Package
* this is package ‘statGraph’ version ‘0.6.0’
* package encoding: UTF-8
* checking package namespace information ... OK
* checking package dependencies ... OK
* checking if this is a source package ... OK
* checking if there is a namespace ... OK
* checking for executable files ... OK
* checking for hidden files and directories ... OK
* checking for portable file names ... OK
* checking for sufficient/correct file permissions ... OK
* checking whether package ‘statGraph’ can be installed ... OK
* checking installed package size ... OK
* checking package directory ... OK
* checking DESCRIPTION meta-information ... OK
* checking top-level files ... OK
* checking for left-over files ... OK
* checking index information ... OK
* checking package subdirectories ... OK
* checking R files for non-ASCII characters ... OK
* checking R files for syntax errors ... OK
* checking whether the package can be loaded ... OK
* checking whether the package can be loaded with stated dependencies ... OK
* checking whether the package can be unloaded cleanly ... OK
* checking whether the namespace can be loaded with stated dependencies ... OK
* checking whether the namespace can be unloaded cleanly ... OK
* checking loading without being on the library search path ... OK
* checking dependencies in R code ... OK
* checking S3 generic/method consistency ... OK
* checking replacement functions ... OK
* checking foreign function calls ... OK
* checking R code for possible problems ... OK
* checking Rd files ... OK
* checking Rd metadata ... OK
* checking Rd cross-references ... OK
* checking for missing documentation entries ... WARNING
Undocumented code objects:
  ‘graph.cem’ ‘graph.cerqueira.test’ ‘graph.fraiman.test’
  ‘graph.ghoshdastidar.test’ ‘graph.hclust’ ‘graph.kmeans’
  ‘graph.spectral.density’ ‘graph.takahashi.test’ ‘graph.tang.test’
All user-level objects in a package should have documentation entries.
See chapter ‘Writing R documentation files’ in the ‘Writing R
Extensions’ manual.
* checking for code/documentation mismatches ... WARNING
Functions or methods with usage in documentation object 'cerqueira' but not in code:
  ‘cerqueira’

Functions or methods with usage in documentation object 'fast.graph.param.estimator' but not in code:
  ‘fast.graph.param.estimator’

Functions or methods with usage in documentation object 'fast.spectral.density' but not in code:
  ‘fast.spectral.density’

Functions or methods with usage in documentation object 'fraiman' but not in code:
  ‘fraiman’

Functions or methods with usage in documentation object 'gCEM' but not in code:
  ‘gCEM’

Functions or methods with usage in documentation object 'ghoshdastidar' but not in code:
  ‘ghoshdastidar’

Functions or methods with usage in documentation object 'graph.cluster' but not in code:
  ‘graph.cluster’

Functions or methods with usage in documentation object 'graph.test' but not in code:
  ‘graph.test’

Functions or methods with usage in documentation object 'kmeans.graph' but not in code:
  ‘kmeans.graph’

Functions or methods with usage in documentation object 'tang' but not in code:
  ‘tang’

Codoc mismatches from documentation object 'GIC':
GIC
  Code: function(Graph, model, p = NULL, dist = "KL", ...)
  Docs: function(A, model, p = NULL, bandwidth = "Silverman",
                 eigenvalues = NULL, dist = "KL")
  Argument names in code not in docs:
    Graph ...
  Argument names in docs not in code:
    A bandwidth eigenvalues
  Mismatches in argument names:
    Position: 1 Code: Graph Docs: A
    Position: 4 Code: dist Docs: bandwidth
    Position: 5 Code: ... Docs: eigenvalues

Codoc mismatches from documentation object 'anogva':
anogva
  Code: function(Graphs, labels, maxBoot = 1000, dist = "KL", ...)
  Docs: function(graphs, labels, numBoot = 1000, bandwidth =
                 "Silverman")
  Argument names in code not in docs:
    Graphs maxBoot dist ...
  Argument names in docs not in code:
    graphs numBoot bandwidth
  Mismatches in argument names:
    Position: 1 Code: Graphs Docs: graphs
    Position: 3 Code: maxBoot Docs: numBoot
    Position: 4 Code: dist Docs: bandwidth

Codoc mismatches from documentation object 'graph.acf':
graph.acf
  Code: function(Graphs, plot = TRUE)
  Docs: function(x, plot = TRUE)
  Argument names in code not in docs:
    Graphs
  Argument names in docs not in code:
    x
  Mismatches in argument names:
    Position: 1 Code: Graphs Docs: x

Codoc mismatches from documentation object 'graph.cor.test':
graph.cor.test
  Code: function(Graphs1, Graphs2)
  Docs: function(x, y)
  Argument names in code not in docs:
    Graphs1 Graphs2
  Argument names in docs not in code:
    x y
  Mismatches in argument names:
    Position: 1 Code: Graphs1 Docs: x
    Position: 2 Code: Graphs2 Docs: y

Codoc mismatches from documentation object 'graph.entropy':
graph.entropy
  Code: function(Graph, ...)
  Docs: function(A = NULL, bandwidth = "Silverman", eigenvalues = NULL)
  Argument names in code not in docs:
    Graph ...
  Argument names in docs not in code:
    A bandwidth eigenvalues
  Mismatches in argument names:
    Position: 1 Code: Graph Docs: A
    Position: 2 Code: ... Docs: bandwidth

Codoc mismatches from documentation object 'graph.model.selection':
graph.model.selection
  Code: function(Graph, models = NULL, parameters = NULL, ...)
  Docs: function(A, models = NULL, parameters = NULL, eps = 0.01,
                 bandwidth = "Silverman", eigenvalues = NULL)
  Argument names in code not in docs:
    Graph ...
  Argument names in docs not in code:
    A eps bandwidth eigenvalues
  Mismatches in argument names:
    Position: 1 Code: Graph Docs: A
    Position: 4 Code: ... Docs: eps

Codoc mismatches from documentation object 'graph.mult.scaling':
graph.mult.scaling
  Code: function(Graphs, plot = TRUE, type = "n", dist = "JS", main =
                 "", ...)
  Docs: function(x, plot = TRUE, bandwidth = "Silverman", type = "n",
                 main = "", ...)
  Argument names in code not in docs:
    Graphs dist
  Argument names in docs not in code:
    x bandwidth
  Mismatches in argument names:
    Position: 1 Code: Graphs Docs: x
    Position: 3 Code: type Docs: bandwidth
    Position: 4 Code: dist Docs: type

Codoc mismatches from documentation object 'graph.param.estimator':
graph.param.estimator
  Code: function(Graph, model, interval = NULL, eps = 0.01, search =
                 "grid", ...)
  Docs: function(A, model, parameters = NULL, eps = 0.01, bandwidth =
                 "Silverman", eigenvalues = NULL, spectra = NULL,
                 classic = FALSE)
  Argument names in code not in docs:
    Graph interval search ...
  Argument names in docs not in code:
    A parameters bandwidth eigenvalues spectra classic
  Mismatches in argument names (first 3):
    Position: 1 Code: Graph Docs: A
    Position: 3 Code: interval Docs: parameters
    Position: 5 Code: search Docs: bandwidth

Codoc mismatches from documentation object 'sp.anogva':
sp.anogva
  Code: function(Graphs, model, maxBoot = 100, ...)
  Docs: function(graph, model, maxBoot = 500, spectra = NULL, eps =
                 0.01, classic = FALSE)
  Argument names in code not in docs:
    Graphs ...
  Argument names in docs not in code:
    graph spectra eps classic
  Mismatches in argument names:
    Position: 1 Code: Graphs Docs: graph
    Position: 4 Code: ... Docs: spectra
  Mismatches in argument default values:
    Name: 'maxBoot' Code: 100 Docs: 500

* checking Rd \usage sections ... OK
* checking Rd contents ... OK
* checking for unstated dependencies in examples ... OK
* checking examples ... ERROR
Running examples in ‘statGraph-Ex.R’ failed
The error most likely occurred in:

> ### Name: GIC
> ### Title: Graph Information Criterion (GIC)
> ### Aliases: GIC
> ### Keywords: graph_information_criterion
> 
> ### ** Examples
> 
> A <- as.matrix(igraph::get.adjacency(igraph::sample_gnp(n=50, p=0.5)))
> # Using a string to indicate the graph model
> result1 <- GIC(A, "ER", 0.5)
Error in GIC(A, "ER", 0.5) : The input should be an igraph object!
Execution halted
* checking PDF version of manual ... OK
* DONE
Status: 1 ERROR, 2 WARNINGs
