Hmm ... looks like a package
Converting parsed Rd's to LaTeX ..
Creating pdf output from LaTeX ...

This is pdfTeX, Version 3.141592653-2.6-1.40.22 (TeX Live 2022/dev/Debian) (preloaded format=pdflatex)
 restricted \write18 enabled.
entering extended mode
LaTeX2e <2021-11-15> patch level 1
L3 programming layer <2022-01-21> (./Rd2.tex
(/usr/share/texlive/texmf-dist/tex/latex/base/book.cls
Document Class: book 2021/10/04 v1.4n Standard LaTeX document class
(/usr/share/texlive/texmf-dist/tex/latex/base/bk10.clo))
(/usr/share/R/share/texmf/tex/latex/Rd.sty
(/usr/share/texlive/texmf-dist/tex/latex/base/ifthen.sty)
(/usr/share/texlive/texmf-dist/tex/latex/tools/longtable.sty)
(/usr/share/texlive/texmf-dist/tex/latex/tools/bm.sty)
(/usr/share/texlive/texmf-dist/tex/latex/base/alltt.sty)
(/usr/share/texlive/texmf-dist/tex/latex/tools/verbatim.sty)
(/usr/share/texlive/texmf-dist/tex/latex/url/url.sty)
(/usr/share/texlive/texmf-dist/tex/latex/base/textcomp.sty)
(/usr/share/texlive/texmf-dist/tex/latex/amsmath/amsmath.sty
For additional information on amsmath, use the `?' option.
(/usr/share/texlive/texmf-dist/tex/latex/amsmath/amstext.sty
(/usr/share/texlive/texmf-dist/tex/latex/amsmath/amsgen.sty))
(/usr/share/texlive/texmf-dist/tex/latex/amsmath/amsbsy.sty)
(/usr/share/texlive/texmf-dist/tex/latex/amsmath/amsopn.sty))
(/usr/share/texlive/texmf-dist/tex/latex/amsfonts/amsfonts.sty)
(/usr/share/texlive/texmf-dist/tex/latex/amsfonts/amssymb.sty)
(/usr/share/texlive/texmf-dist/tex/latex/jknapltx/mathrsfs.sty)
(/usr/share/texlive/texmf-dist/tex/generic/iftex/iftex.sty)
(/usr/share/texlive/texmf-dist/tex/latex/base/fontenc.sty)
(/usr/share/texlive/texmf-dist/tex/latex/psnfss/times.sty)
(/usr/share/texlive/texmf-dist/tex/latex/inconsolata/zi4.sty
`inconsolata-zi4' v1.12, 2019/05/17 Text macros for Inconsolata (msharpe)
(/usr/share/texlive/texmf-dist/tex/latex/xkeyval/xkeyval.sty
(/usr/share/texlive/texmf-dist/tex/generic/xkeyval/xkeyval.tex
(/usr/share/texlive/texmf-dist/tex/generic/xkeyval/xkvutils.tex
(/usr/share/texlive/texmf-dist/tex/generic/xkeyval/keyval.tex)))))
(/usr/share/texlive/texmf-dist/tex/latex/graphics/color.sty
(/usr/share/texlive/texmf-dist/tex/latex/graphics-cfg/color.cfg)
(/usr/share/texlive/texmf-dist/tex/latex/graphics-def/pdftex.def))
(/usr/share/texlive/texmf-dist/tex/latex/hyperref/hyperref.sty
(/usr/share/texlive/texmf-dist/tex/generic/ltxcmds/ltxcmds.sty)
(/usr/share/texlive/texmf-dist/tex/generic/pdftexcmds/pdftexcmds.sty
(/usr/share/texlive/texmf-dist/tex/generic/infwarerr/infwarerr.sty))
(/usr/share/texlive/texmf-dist/tex/generic/kvsetkeys/kvsetkeys.sty)
(/usr/share/texlive/texmf-dist/tex/generic/kvdefinekeys/kvdefinekeys.sty)
(/usr/share/texlive/texmf-dist/tex/generic/pdfescape/pdfescape.sty)
(/usr/share/texlive/texmf-dist/tex/latex/hycolor/hycolor.sty)
(/usr/share/texlive/texmf-dist/tex/latex/letltxmacro/letltxmacro.sty)
(/usr/share/texlive/texmf-dist/tex/latex/auxhook/auxhook.sty)
(/usr/share/texlive/texmf-dist/tex/latex/kvoptions/kvoptions.sty)
(/usr/share/texlive/texmf-dist/tex/latex/hyperref/pd1enc.def)
(/usr/share/texlive/texmf-dist/tex/latex/hyperref/hyperref-langpatches.def)
(/usr/share/texlive/texmf-dist/tex/generic/intcalc/intcalc.sty)
(/usr/share/texlive/texmf-dist/tex/generic/etexcmds/etexcmds.sty)
(/usr/share/texlive/texmf-dist/tex/latex/hyperref/puenc.def)
(/usr/share/texlive/texmf-dist/tex/generic/bitset/bitset.sty
(/usr/share/texlive/texmf-dist/tex/generic/bigintcalc/bigintcalc.sty))
(/usr/share/texlive/texmf-dist/tex/latex/base/atbegshi-ltx.sty))
(/usr/share/texlive/texmf-dist/tex/latex/hyperref/hpdftex.def
(/usr/share/texlive/texmf-dist/tex/latex/base/atveryend-ltx.sty)
(/usr/share/texlive/texmf-dist/tex/latex/rerunfilecheck/rerunfilecheck.sty
(/usr/share/texlive/texmf-dist/tex/generic/uniquecounter/uniquecounter.sty))))
(/usr/share/texlive/texmf-dist/tex/latex/base/makeidx.sty)
(/usr/share/texlive/texmf-dist/tex/latex/base/inputenc.sty)
Writing index file Rd2.idx
(/usr/share/texlive/texmf-dist/tex/latex/psnfss/t1ptm.fd)
(/usr/share/texlive/texmf-dist/tex/latex/l3backend/l3backend-pdftex.def)
No file Rd2.aux.
(/usr/share/texlive/texmf-dist/tex/context/base/mkii/supp-pdf.mkii
[Loading MPS to PDF converter (version 2006.09.02).]
) (/usr/share/texlive/texmf-dist/tex/latex/hyperref/nameref.sty
(/usr/share/texlive/texmf-dist/tex/latex/refcount/refcount.sty)
(/usr/share/texlive/texmf-dist/tex/generic/gettitlestring/gettitlestring.sty))
(/usr/share/texlive/texmf-dist/tex/latex/inconsolata/t1zi4.fd)
Overfull \hbox (49.4105pt too wide) in paragraph at lines 32--33
[]\T1/ptm/m/n/10 Ghoshdastidar et al. (2017) <[][]arXiv:1707.00833[][]>, Cerque
ira et al. (2017) <[][]doi:10.1109/TNSE.2017.2674026[][]>,  
(/usr/share/texlive/texmf-dist/tex/latex/amsfonts/umsa.fd)
(/usr/share/texlive/texmf-dist/tex/latex/amsfonts/umsb.fd)
(/usr/share/texlive/texmf-dist/tex/latex/jknapltx/ursfs.fd) [1{/var/lib/texmf/f
onts/map/pdftex/updmap/pdftex.map}]
(/usr/share/texlive/texmf-dist/tex/latex/psnfss/t1phv.fd)
Overfull \hbox (39.91846pt too wide) in paragraph at lines 55--63
\T1/ptm/m/n/10 Tang et al. (2017) <doi:10.1080/10618600.2016.1193505>, Ghosh-da
sti-dar et al. (2017) <arXiv:1705.06168>,

Overfull \hbox (44.5979pt too wide) in paragraph at lines 55--63
\T1/ptm/m/n/10 Ghosh-dasti-dar et al. (2017) <arXiv:1707.00833>, Cerqueira et a
l. (2017) <doi:10.1109/TNSE.2017.2674026>,

Overfull \hbox (71.9173pt too wide) in paragraph at lines 55--63
\T1/ptm/m/n/10 Fraiman and Fraiman (2018) <doi:10.1038/s41598-018-23152-5>, Fu-
jita et al. (2019) <doi:10.1093/comnet/cnz028>. 
(/usr/share/texlive/texmf-dist/tex/latex/psnfss/ts1ptm.fd) [2] [3] [4]
Overfull \hbox (12.80643pt too wide) in paragraph at lines 227--230
\T1/ptm/m/n/10 ses for ran-dom graph dis-tri-bu-tions built from EEG data", htt
ps://ieeexplore.ieee.org/document/7862892 
[5] [6] [7]
Overfull \hbox (32.24408pt too wide) in paragraph at lines 407--407
 []\T1/zi4/m/n/9 estimated.parameter <- fast.graph.param.estimator(G, "WS",lo =
 0,hi = 0.5,eps = 1e-1, npoints = 10,[] 
[8] [9] [10]
Overfull \hbox (3.06883pt too wide) in paragraph at lines 578--582
\T1/ptm/m/n/10 Renyi ran-dom graph), "GRG" (ge-o-met-ric ran-dom graph), "KR" (
k reg-u-lar graph),
[11]
Overfull \hbox (4.06784pt too wide) in paragraph at lines 662--664
[]\T1/ptm/m/n/10 the p-value of the test (only re-turned when the pa-ram-e-ter 
'two.sample' is FALSE). 
[12] [13]
Overfull \hbox (3.07779pt too wide) in paragraph at lines 780--782
[]\T1/ptm/m/n/10 the prob-a-bil-ity to re-con-nect a ver-tex, for the "WS" mode
l (Watts-Strogatz model); 
[14] [15] [16] [17] [18] [19] [20] [21] [22] [23] [24] [25] [26] [27]
Overfull \hbox (1.89856pt too wide) in paragraph at lines 1603--1607
\T1/ptm/m/n/10 pared. For un-weighted graphs, each ma-trix con-tains only 0s an
d 1s. For weighted
[28] [29] [30]
No file Rd2.ind.
[31] (/tmp/RtmphMgrtm/Rd2pdf2db464e753806/Rd2.aux)

Package rerunfilecheck Warning: File `Rd2.out' has changed.
(rerunfilecheck)                Rerun to get outlines right
(rerunfilecheck)                or use package `bookmark'.

 )
(see the transcript file for additional information){/usr/share/texlive/texmf-d
ist/fonts/enc/dvips/base/8r.enc}{/usr/share/texlive/texmf-dist/fonts/enc/dvips/
inconsolata/i4-t1-0.enc}</usr/share/texlive/texmf-dist/fonts/type1/public/incon
solata/Inconsolata-zi4r.pfb></usr/share/texlive/texmf-dist/fonts/type1/urw/helv
etic/uhvr8a.pfb></usr/share/texlive/texmf-dist/fonts/type1/urw/times/utmb8a.pfb
></usr/share/texlive/texmf-dist/fonts/type1/urw/times/utmr8a.pfb></usr/share/te
xlive/texmf-dist/fonts/type1/urw/times/utmr8a.pfb></usr/share/texlive/texmf-dis
t/fonts/type1/urw/times/utmri8a.pfb>
Output written on Rd2.pdf (31 pages, 140862 bytes).
Transcript written on Rd2.log.
This is makeindex, version 2.15 [TeX Live 2022/dev] (kpathsea + Thai support).
Scanning input file Rd2.idx....done (38 entries accepted, 0 rejected).
Sorting entries....done (231 comparisons).
Generating output file Rd2.ind....done (80 lines written, 0 warnings).
Output written in Rd2.ind.
Transcript written in Rd2.ilg.
This is pdfTeX, Version 3.141592653-2.6-1.40.22 (TeX Live 2022/dev/Debian) (preloaded format=pdflatex)
 restricted \write18 enabled.
entering extended mode
LaTeX2e <2021-11-15> patch level 1
L3 programming layer <2022-01-21> (./Rd2.tex
(/usr/share/texlive/texmf-dist/tex/latex/base/book.cls
Document Class: book 2021/10/04 v1.4n Standard LaTeX document class
(/usr/share/texlive/texmf-dist/tex/latex/base/bk10.clo))
(/usr/share/R/share/texmf/tex/latex/Rd.sty
(/usr/share/texlive/texmf-dist/tex/latex/base/ifthen.sty)
(/usr/share/texlive/texmf-dist/tex/latex/tools/longtable.sty)
(/usr/share/texlive/texmf-dist/tex/latex/tools/bm.sty)
(/usr/share/texlive/texmf-dist/tex/latex/base/alltt.sty)
(/usr/share/texlive/texmf-dist/tex/latex/tools/verbatim.sty)
(/usr/share/texlive/texmf-dist/tex/latex/url/url.sty)
(/usr/share/texlive/texmf-dist/tex/latex/base/textcomp.sty)
(/usr/share/texlive/texmf-dist/tex/latex/amsmath/amsmath.sty
For additional information on amsmath, use the `?' option.
(/usr/share/texlive/texmf-dist/tex/latex/amsmath/amstext.sty
(/usr/share/texlive/texmf-dist/tex/latex/amsmath/amsgen.sty))
(/usr/share/texlive/texmf-dist/tex/latex/amsmath/amsbsy.sty)
(/usr/share/texlive/texmf-dist/tex/latex/amsmath/amsopn.sty))
(/usr/share/texlive/texmf-dist/tex/latex/amsfonts/amsfonts.sty)
(/usr/share/texlive/texmf-dist/tex/latex/amsfonts/amssymb.sty)
(/usr/share/texlive/texmf-dist/tex/latex/jknapltx/mathrsfs.sty)
(/usr/share/texlive/texmf-dist/tex/generic/iftex/iftex.sty)
(/usr/share/texlive/texmf-dist/tex/latex/base/fontenc.sty)
(/usr/share/texlive/texmf-dist/tex/latex/psnfss/times.sty)
(/usr/share/texlive/texmf-dist/tex/latex/inconsolata/zi4.sty
`inconsolata-zi4' v1.12, 2019/05/17 Text macros for Inconsolata (msharpe)
(/usr/share/texlive/texmf-dist/tex/latex/xkeyval/xkeyval.sty
(/usr/share/texlive/texmf-dist/tex/generic/xkeyval/xkeyval.tex
(/usr/share/texlive/texmf-dist/tex/generic/xkeyval/xkvutils.tex
(/usr/share/texlive/texmf-dist/tex/generic/xkeyval/keyval.tex)))))
(/usr/share/texlive/texmf-dist/tex/latex/graphics/color.sty
(/usr/share/texlive/texmf-dist/tex/latex/graphics-cfg/color.cfg)
(/usr/share/texlive/texmf-dist/tex/latex/graphics-def/pdftex.def))
(/usr/share/texlive/texmf-dist/tex/latex/hyperref/hyperref.sty
(/usr/share/texlive/texmf-dist/tex/generic/ltxcmds/ltxcmds.sty)
(/usr/share/texlive/texmf-dist/tex/generic/pdftexcmds/pdftexcmds.sty
(/usr/share/texlive/texmf-dist/tex/generic/infwarerr/infwarerr.sty))
(/usr/share/texlive/texmf-dist/tex/generic/kvsetkeys/kvsetkeys.sty)
(/usr/share/texlive/texmf-dist/tex/generic/kvdefinekeys/kvdefinekeys.sty)
(/usr/share/texlive/texmf-dist/tex/generic/pdfescape/pdfescape.sty)
(/usr/share/texlive/texmf-dist/tex/latex/hycolor/hycolor.sty)
(/usr/share/texlive/texmf-dist/tex/latex/letltxmacro/letltxmacro.sty)
(/usr/share/texlive/texmf-dist/tex/latex/auxhook/auxhook.sty)
(/usr/share/texlive/texmf-dist/tex/latex/kvoptions/kvoptions.sty)
(/usr/share/texlive/texmf-dist/tex/latex/hyperref/pd1enc.def)
(/usr/share/texlive/texmf-dist/tex/latex/hyperref/hyperref-langpatches.def)
(/usr/share/texlive/texmf-dist/tex/generic/intcalc/intcalc.sty)
(/usr/share/texlive/texmf-dist/tex/generic/etexcmds/etexcmds.sty)
(/usr/share/texlive/texmf-dist/tex/latex/hyperref/puenc.def)
(/usr/share/texlive/texmf-dist/tex/generic/bitset/bitset.sty
(/usr/share/texlive/texmf-dist/tex/generic/bigintcalc/bigintcalc.sty))
(/usr/share/texlive/texmf-dist/tex/latex/base/atbegshi-ltx.sty))
(/usr/share/texlive/texmf-dist/tex/latex/hyperref/hpdftex.def
(/usr/share/texlive/texmf-dist/tex/latex/base/atveryend-ltx.sty)
(/usr/share/texlive/texmf-dist/tex/latex/rerunfilecheck/rerunfilecheck.sty
(/usr/share/texlive/texmf-dist/tex/generic/uniquecounter/uniquecounter.sty))))
(/usr/share/texlive/texmf-dist/tex/latex/base/makeidx.sty)
(/usr/share/texlive/texmf-dist/tex/latex/base/inputenc.sty)
Writing index file Rd2.idx
(/usr/share/texlive/texmf-dist/tex/latex/psnfss/t1ptm.fd)
(/usr/share/texlive/texmf-dist/tex/latex/l3backend/l3backend-pdftex.def)
(/tmp/RtmphMgrtm/Rd2pdf2db464e753806/Rd2.aux)
(/usr/share/texlive/texmf-dist/tex/context/base/mkii/supp-pdf.mkii
[Loading MPS to PDF converter (version 2006.09.02).]
) (/usr/share/texlive/texmf-dist/tex/latex/hyperref/nameref.sty
(/usr/share/texlive/texmf-dist/tex/latex/refcount/refcount.sty)
(/usr/share/texlive/texmf-dist/tex/generic/gettitlestring/gettitlestring.sty))
(/tmp/RtmphMgrtm/Rd2pdf2db464e753806/Rd2.out)
(/tmp/RtmphMgrtm/Rd2pdf2db464e753806/Rd2.out)
(/usr/share/texlive/texmf-dist/tex/latex/inconsolata/t1zi4.fd)
Overfull \hbox (49.4105pt too wide) in paragraph at lines 32--33
[]\T1/ptm/m/n/10 Ghoshdastidar et al. (2017) <[][]arXiv:1707.00833[][]>, Cerque
ira et al. (2017) <[][]doi:10.1109/TNSE.2017.2674026[][]>,  
(/usr/share/texlive/texmf-dist/tex/latex/amsfonts/umsa.fd)
(/usr/share/texlive/texmf-dist/tex/latex/amsfonts/umsb.fd)
(/usr/share/texlive/texmf-dist/tex/latex/jknapltx/ursfs.fd) [1{/var/lib/texmf/f
onts/map/pdftex/updmap/pdftex.map}]
(/usr/share/texlive/texmf-dist/tex/latex/psnfss/t1phv.fd)
(/tmp/RtmphMgrtm/Rd2pdf2db464e753806/Rd2.toc)
Overfull \hbox (39.91846pt too wide) in paragraph at lines 55--63
\T1/ptm/m/n/10 Tang et al. (2017) <doi:10.1080/10618600.2016.1193505>, Ghosh-da
sti-dar et al. (2017) <arXiv:1705.06168>,

Overfull \hbox (44.5979pt too wide) in paragraph at lines 55--63
\T1/ptm/m/n/10 Ghosh-dasti-dar et al. (2017) <arXiv:1707.00833>, Cerqueira et a
l. (2017) <doi:10.1109/TNSE.2017.2674026>,

Overfull \hbox (71.9173pt too wide) in paragraph at lines 55--63
\T1/ptm/m/n/10 Fraiman and Fraiman (2018) <doi:10.1038/s41598-018-23152-5>, Fu-
jita et al. (2019) <doi:10.1093/comnet/cnz028>. 
[2] (/usr/share/texlive/texmf-dist/tex/latex/psnfss/ts1ptm.fd) [3] [4]
Overfull \hbox (12.80643pt too wide) in paragraph at lines 227--230
\T1/ptm/m/n/10 ses for ran-dom graph dis-tri-bu-tions built from EEG data", htt
ps://ieeexplore.ieee.org/document/7862892 
[5] [6] [7]
Overfull \hbox (32.24408pt too wide) in paragraph at lines 407--407
 []\T1/zi4/m/n/9 estimated.parameter <- fast.graph.param.estimator(G, "WS",lo =
 0,hi = 0.5,eps = 1e-1, npoints = 10,[] 
[8] [9] [10]
Overfull \hbox (3.06883pt too wide) in paragraph at lines 578--582
\T1/ptm/m/n/10 Renyi ran-dom graph), "GRG" (ge-o-met-ric ran-dom graph), "KR" (
k reg-u-lar graph),
[11]
Overfull \hbox (4.06784pt too wide) in paragraph at lines 662--664
[]\T1/ptm/m/n/10 the p-value of the test (only re-turned when the pa-ram-e-ter 
'two.sample' is FALSE). 
[12] [13] [14]
Overfull \hbox (3.07779pt too wide) in paragraph at lines 780--782
[]\T1/ptm/m/n/10 the prob-a-bil-ity to re-con-nect a ver-tex, for the "WS" mode
l (Watts-Strogatz model); 
[15] [16] [17] [18] [19] [20] [21] [22] [23] [24] [25] [26] [27]
Overfull \hbox (1.89856pt too wide) in paragraph at lines 1603--1607
\T1/ptm/m/n/10 pared. For un-weighted graphs, each ma-trix con-tains only 0s an
d 1s. For weighted
[28] [29] [30] (/tmp/RtmphMgrtm/Rd2pdf2db464e753806/Rd2.ind [31]
Overfull \hbox (55.19458pt too wide) in paragraph at lines 31--32
\T1/ptm/b/n/10 semi_parametric_analysis_of_graph_variability  

LaTeX Font Warning: Font shape `T1/zi4/m/it' undefined
(Font)              using `T1/zi4/m/n' instead on input line 72.

[32]) (/tmp/RtmphMgrtm/Rd2pdf2db464e753806/Rd2.aux)

LaTeX Font Warning: Some font shapes were not available, defaults substituted.


Package rerunfilecheck Warning: File `Rd2.out' has changed.
(rerunfilecheck)                Rerun to get outlines right
(rerunfilecheck)                or use package `bookmark'.

 )
(see the transcript file for additional information){/usr/share/texlive/texmf-d
ist/fonts/enc/dvips/base/8r.enc}{/usr/share/texlive/texmf-dist/fonts/enc/dvips/
inconsolata/i4-t1-0.enc}</usr/share/texlive/texmf-dist/fonts/type1/public/incon
solata/Inconsolata-zi4r.pfb></usr/share/texlive/texmf-dist/fonts/type1/public/a
msfonts/cm/cmsy10.pfb></usr/share/texlive/texmf-dist/fonts/type1/urw/helvetic/u
hvr8a.pfb></usr/share/texlive/texmf-dist/fonts/type1/urw/times/utmb8a.pfb></usr
/share/texlive/texmf-dist/fonts/type1/urw/times/utmr8a.pfb></usr/share/texlive/
texmf-dist/fonts/type1/urw/times/utmr8a.pfb></usr/share/texlive/texmf-dist/font
s/type1/urw/times/utmri8a.pfb>
Output written on Rd2.pdf (32 pages, 155602 bytes).
Transcript written on Rd2.log.
This is makeindex, version 2.15 [TeX Live 2022/dev] (kpathsea + Thai support).
Scanning input file Rd2.idx....done (38 entries accepted, 0 rejected).
Sorting entries....done (231 comparisons).
Generating output file Rd2.ind....done (80 lines written, 0 warnings).
Output written in Rd2.ind.
Transcript written in Rd2.ilg.
This is pdfTeX, Version 3.141592653-2.6-1.40.22 (TeX Live 2022/dev/Debian) (preloaded format=pdflatex)
 restricted \write18 enabled.
entering extended mode
LaTeX2e <2021-11-15> patch level 1
L3 programming layer <2022-01-21> (./Rd2.tex
(/usr/share/texlive/texmf-dist/tex/latex/base/book.cls
Document Class: book 2021/10/04 v1.4n Standard LaTeX document class
(/usr/share/texlive/texmf-dist/tex/latex/base/bk10.clo))
(/usr/share/R/share/texmf/tex/latex/Rd.sty
(/usr/share/texlive/texmf-dist/tex/latex/base/ifthen.sty)
(/usr/share/texlive/texmf-dist/tex/latex/tools/longtable.sty)
(/usr/share/texlive/texmf-dist/tex/latex/tools/bm.sty)
(/usr/share/texlive/texmf-dist/tex/latex/base/alltt.sty)
(/usr/share/texlive/texmf-dist/tex/latex/tools/verbatim.sty)
(/usr/share/texlive/texmf-dist/tex/latex/url/url.sty)
(/usr/share/texlive/texmf-dist/tex/latex/base/textcomp.sty)
(/usr/share/texlive/texmf-dist/tex/latex/amsmath/amsmath.sty
For additional information on amsmath, use the `?' option.
(/usr/share/texlive/texmf-dist/tex/latex/amsmath/amstext.sty
(/usr/share/texlive/texmf-dist/tex/latex/amsmath/amsgen.sty))
(/usr/share/texlive/texmf-dist/tex/latex/amsmath/amsbsy.sty)
(/usr/share/texlive/texmf-dist/tex/latex/amsmath/amsopn.sty))
(/usr/share/texlive/texmf-dist/tex/latex/amsfonts/amsfonts.sty)
(/usr/share/texlive/texmf-dist/tex/latex/amsfonts/amssymb.sty)
(/usr/share/texlive/texmf-dist/tex/latex/jknapltx/mathrsfs.sty)
(/usr/share/texlive/texmf-dist/tex/generic/iftex/iftex.sty)
(/usr/share/texlive/texmf-dist/tex/latex/base/fontenc.sty)
(/usr/share/texlive/texmf-dist/tex/latex/psnfss/times.sty)
(/usr/share/texlive/texmf-dist/tex/latex/inconsolata/zi4.sty
`inconsolata-zi4' v1.12, 2019/05/17 Text macros for Inconsolata (msharpe)
(/usr/share/texlive/texmf-dist/tex/latex/xkeyval/xkeyval.sty
(/usr/share/texlive/texmf-dist/tex/generic/xkeyval/xkeyval.tex
(/usr/share/texlive/texmf-dist/tex/generic/xkeyval/xkvutils.tex
(/usr/share/texlive/texmf-dist/tex/generic/xkeyval/keyval.tex)))))
(/usr/share/texlive/texmf-dist/tex/latex/graphics/color.sty
(/usr/share/texlive/texmf-dist/tex/latex/graphics-cfg/color.cfg)
(/usr/share/texlive/texmf-dist/tex/latex/graphics-def/pdftex.def))
(/usr/share/texlive/texmf-dist/tex/latex/hyperref/hyperref.sty
(/usr/share/texlive/texmf-dist/tex/generic/ltxcmds/ltxcmds.sty)
(/usr/share/texlive/texmf-dist/tex/generic/pdftexcmds/pdftexcmds.sty
(/usr/share/texlive/texmf-dist/tex/generic/infwarerr/infwarerr.sty))
(/usr/share/texlive/texmf-dist/tex/generic/kvsetkeys/kvsetkeys.sty)
(/usr/share/texlive/texmf-dist/tex/generic/kvdefinekeys/kvdefinekeys.sty)
(/usr/share/texlive/texmf-dist/tex/generic/pdfescape/pdfescape.sty)
(/usr/share/texlive/texmf-dist/tex/latex/hycolor/hycolor.sty)
(/usr/share/texlive/texmf-dist/tex/latex/letltxmacro/letltxmacro.sty)
(/usr/share/texlive/texmf-dist/tex/latex/auxhook/auxhook.sty)
(/usr/share/texlive/texmf-dist/tex/latex/kvoptions/kvoptions.sty)
(/usr/share/texlive/texmf-dist/tex/latex/hyperref/pd1enc.def)
(/usr/share/texlive/texmf-dist/tex/latex/hyperref/hyperref-langpatches.def)
(/usr/share/texlive/texmf-dist/tex/generic/intcalc/intcalc.sty)
(/usr/share/texlive/texmf-dist/tex/generic/etexcmds/etexcmds.sty)
(/usr/share/texlive/texmf-dist/tex/latex/hyperref/puenc.def)
(/usr/share/texlive/texmf-dist/tex/generic/bitset/bitset.sty
(/usr/share/texlive/texmf-dist/tex/generic/bigintcalc/bigintcalc.sty))
(/usr/share/texlive/texmf-dist/tex/latex/base/atbegshi-ltx.sty))
(/usr/share/texlive/texmf-dist/tex/latex/hyperref/hpdftex.def
(/usr/share/texlive/texmf-dist/tex/latex/base/atveryend-ltx.sty)
(/usr/share/texlive/texmf-dist/tex/latex/rerunfilecheck/rerunfilecheck.sty
(/usr/share/texlive/texmf-dist/tex/generic/uniquecounter/uniquecounter.sty))))
(/usr/share/texlive/texmf-dist/tex/latex/base/makeidx.sty)
(/usr/share/texlive/texmf-dist/tex/latex/base/inputenc.sty)
Writing index file Rd2.idx
(/usr/share/texlive/texmf-dist/tex/latex/psnfss/t1ptm.fd)
(/usr/share/texlive/texmf-dist/tex/latex/l3backend/l3backend-pdftex.def)
(/tmp/RtmphMgrtm/Rd2pdf2db464e753806/Rd2.aux)
(/usr/share/texlive/texmf-dist/tex/context/base/mkii/supp-pdf.mkii
[Loading MPS to PDF converter (version 2006.09.02).]
) (/usr/share/texlive/texmf-dist/tex/latex/hyperref/nameref.sty
(/usr/share/texlive/texmf-dist/tex/latex/refcount/refcount.sty)
(/usr/share/texlive/texmf-dist/tex/generic/gettitlestring/gettitlestring.sty))
(/tmp/RtmphMgrtm/Rd2pdf2db464e753806/Rd2.out)
(/tmp/RtmphMgrtm/Rd2pdf2db464e753806/Rd2.out)
(/usr/share/texlive/texmf-dist/tex/latex/inconsolata/t1zi4.fd)
Overfull \hbox (49.4105pt too wide) in paragraph at lines 32--33
[]\T1/ptm/m/n/10 Ghoshdastidar et al. (2017) <[][]arXiv:1707.00833[][]>, Cerque
ira et al. (2017) <[][]doi:10.1109/TNSE.2017.2674026[][]>,  
(/usr/share/texlive/texmf-dist/tex/latex/amsfonts/umsa.fd)
(/usr/share/texlive/texmf-dist/tex/latex/amsfonts/umsb.fd)
(/usr/share/texlive/texmf-dist/tex/latex/jknapltx/ursfs.fd) [1{/var/lib/texmf/f
onts/map/pdftex/updmap/pdftex.map}]
(/usr/share/texlive/texmf-dist/tex/latex/psnfss/t1phv.fd)
(/tmp/RtmphMgrtm/Rd2pdf2db464e753806/Rd2.toc)
Overfull \hbox (39.91846pt too wide) in paragraph at lines 55--63
\T1/ptm/m/n/10 Tang et al. (2017) <doi:10.1080/10618600.2016.1193505>, Ghosh-da
sti-dar et al. (2017) <arXiv:1705.06168>,

Overfull \hbox (44.5979pt too wide) in paragraph at lines 55--63
\T1/ptm/m/n/10 Ghosh-dasti-dar et al. (2017) <arXiv:1707.00833>, Cerqueira et a
l. (2017) <doi:10.1109/TNSE.2017.2674026>,

Overfull \hbox (71.9173pt too wide) in paragraph at lines 55--63
\T1/ptm/m/n/10 Fraiman and Fraiman (2018) <doi:10.1038/s41598-018-23152-5>, Fu-
jita et al. (2019) <doi:10.1093/comnet/cnz028>. 
[2] (/usr/share/texlive/texmf-dist/tex/latex/psnfss/ts1ptm.fd) [3] [4]
Overfull \hbox (12.80643pt too wide) in paragraph at lines 227--230
\T1/ptm/m/n/10 ses for ran-dom graph dis-tri-bu-tions built from EEG data", htt
ps://ieeexplore.ieee.org/document/7862892 
[5] [6] [7]
Overfull \hbox (32.24408pt too wide) in paragraph at lines 407--407
 []\T1/zi4/m/n/9 estimated.parameter <- fast.graph.param.estimator(G, "WS",lo =
 0,hi = 0.5,eps = 1e-1, npoints = 10,[] 
[8] [9] [10]
Overfull \hbox (3.06883pt too wide) in paragraph at lines 578--582
\T1/ptm/m/n/10 Renyi ran-dom graph), "GRG" (ge-o-met-ric ran-dom graph), "KR" (
k reg-u-lar graph),
[11]
Overfull \hbox (4.06784pt too wide) in paragraph at lines 662--664
[]\T1/ptm/m/n/10 the p-value of the test (only re-turned when the pa-ram-e-ter 
'two.sample' is FALSE). 
[12] [13] [14]
Overfull \hbox (3.07779pt too wide) in paragraph at lines 780--782
[]\T1/ptm/m/n/10 the prob-a-bil-ity to re-con-nect a ver-tex, for the "WS" mode
l (Watts-Strogatz model); 
[15] [16] [17] [18] [19] [20] [21] [22] [23] [24] [25] [26] [27]
Overfull \hbox (1.89856pt too wide) in paragraph at lines 1603--1607
\T1/ptm/m/n/10 pared. For un-weighted graphs, each ma-trix con-tains only 0s an
d 1s. For weighted
[28] [29] [30] (/tmp/RtmphMgrtm/Rd2pdf2db464e753806/Rd2.ind [31]
Overfull \hbox (55.19458pt too wide) in paragraph at lines 31--32
\T1/ptm/b/n/10 semi_parametric_analysis_of_graph_variability  

LaTeX Font Warning: Font shape `T1/zi4/m/it' undefined
(Font)              using `T1/zi4/m/n' instead on input line 72.

[32]) (/tmp/RtmphMgrtm/Rd2pdf2db464e753806/Rd2.aux)

LaTeX Font Warning: Some font shapes were not available, defaults substituted.

 )
(see the transcript file for additional information){/usr/share/texlive/texmf-d
ist/fonts/enc/dvips/base/8r.enc}{/usr/share/texlive/texmf-dist/fonts/enc/dvips/
inconsolata/i4-t1-0.enc}</usr/share/texlive/texmf-dist/fonts/type1/public/incon
solata/Inconsolata-zi4r.pfb></usr/share/texlive/texmf-dist/fonts/type1/public/a
msfonts/cm/cmsy10.pfb></usr/share/texlive/texmf-dist/fonts/type1/urw/helvetic/u
hvr8a.pfb></usr/share/texlive/texmf-dist/fonts/type1/urw/times/utmb8a.pfb></usr
/share/texlive/texmf-dist/fonts/type1/urw/times/utmr8a.pfb></usr/share/texlive/
texmf-dist/fonts/type1/urw/times/utmr8a.pfb></usr/share/texlive/texmf-dist/font
s/type1/urw/times/utmri8a.pfb>
Output written on Rd2.pdf (32 pages, 156456 bytes).
Transcript written on Rd2.log.
This is makeindex, version 2.15 [TeX Live 2022/dev] (kpathsea + Thai support).
Scanning input file Rd2.idx....done (38 entries accepted, 0 rejected).
Sorting entries....done (231 comparisons).
Generating output file Rd2.ind....done (80 lines written, 0 warnings).
Output written in Rd2.ind.
Transcript written in Rd2.ilg.
This is pdfTeX, Version 3.141592653-2.6-1.40.22 (TeX Live 2022/dev/Debian) (preloaded format=pdflatex)
 restricted \write18 enabled.
entering extended mode
LaTeX2e <2021-11-15> patch level 1
L3 programming layer <2022-01-21> (./Rd2.tex
(/usr/share/texlive/texmf-dist/tex/latex/base/book.cls
Document Class: book 2021/10/04 v1.4n Standard LaTeX document class
(/usr/share/texlive/texmf-dist/tex/latex/base/bk10.clo))
(/usr/share/R/share/texmf/tex/latex/Rd.sty
(/usr/share/texlive/texmf-dist/tex/latex/base/ifthen.sty)
(/usr/share/texlive/texmf-dist/tex/latex/tools/longtable.sty)
(/usr/share/texlive/texmf-dist/tex/latex/tools/bm.sty)
(/usr/share/texlive/texmf-dist/tex/latex/base/alltt.sty)
(/usr/share/texlive/texmf-dist/tex/latex/tools/verbatim.sty)
(/usr/share/texlive/texmf-dist/tex/latex/url/url.sty)
(/usr/share/texlive/texmf-dist/tex/latex/base/textcomp.sty)
(/usr/share/texlive/texmf-dist/tex/latex/amsmath/amsmath.sty
For additional information on amsmath, use the `?' option.
(/usr/share/texlive/texmf-dist/tex/latex/amsmath/amstext.sty
(/usr/share/texlive/texmf-dist/tex/latex/amsmath/amsgen.sty))
(/usr/share/texlive/texmf-dist/tex/latex/amsmath/amsbsy.sty)
(/usr/share/texlive/texmf-dist/tex/latex/amsmath/amsopn.sty))
(/usr/share/texlive/texmf-dist/tex/latex/amsfonts/amsfonts.sty)
(/usr/share/texlive/texmf-dist/tex/latex/amsfonts/amssymb.sty)
(/usr/share/texlive/texmf-dist/tex/latex/jknapltx/mathrsfs.sty)
(/usr/share/texlive/texmf-dist/tex/generic/iftex/iftex.sty)
(/usr/share/texlive/texmf-dist/tex/latex/base/fontenc.sty)
(/usr/share/texlive/texmf-dist/tex/latex/psnfss/times.sty)
(/usr/share/texlive/texmf-dist/tex/latex/inconsolata/zi4.sty
`inconsolata-zi4' v1.12, 2019/05/17 Text macros for Inconsolata (msharpe)
(/usr/share/texlive/texmf-dist/tex/latex/xkeyval/xkeyval.sty
(/usr/share/texlive/texmf-dist/tex/generic/xkeyval/xkeyval.tex
(/usr/share/texlive/texmf-dist/tex/generic/xkeyval/xkvutils.tex
(/usr/share/texlive/texmf-dist/tex/generic/xkeyval/keyval.tex)))))
(/usr/share/texlive/texmf-dist/tex/latex/graphics/color.sty
(/usr/share/texlive/texmf-dist/tex/latex/graphics-cfg/color.cfg)
(/usr/share/texlive/texmf-dist/tex/latex/graphics-def/pdftex.def))
(/usr/share/texlive/texmf-dist/tex/latex/hyperref/hyperref.sty
(/usr/share/texlive/texmf-dist/tex/generic/ltxcmds/ltxcmds.sty)
(/usr/share/texlive/texmf-dist/tex/generic/pdftexcmds/pdftexcmds.sty
(/usr/share/texlive/texmf-dist/tex/generic/infwarerr/infwarerr.sty))
(/usr/share/texlive/texmf-dist/tex/generic/kvsetkeys/kvsetkeys.sty)
(/usr/share/texlive/texmf-dist/tex/generic/kvdefinekeys/kvdefinekeys.sty)
(/usr/share/texlive/texmf-dist/tex/generic/pdfescape/pdfescape.sty)
(/usr/share/texlive/texmf-dist/tex/latex/hycolor/hycolor.sty)
(/usr/share/texlive/texmf-dist/tex/latex/letltxmacro/letltxmacro.sty)
(/usr/share/texlive/texmf-dist/tex/latex/auxhook/auxhook.sty)
(/usr/share/texlive/texmf-dist/tex/latex/kvoptions/kvoptions.sty)
(/usr/share/texlive/texmf-dist/tex/latex/hyperref/pd1enc.def)
(/usr/share/texlive/texmf-dist/tex/latex/hyperref/hyperref-langpatches.def)
(/usr/share/texlive/texmf-dist/tex/generic/intcalc/intcalc.sty)
(/usr/share/texlive/texmf-dist/tex/generic/etexcmds/etexcmds.sty)
(/usr/share/texlive/texmf-dist/tex/latex/hyperref/puenc.def)
(/usr/share/texlive/texmf-dist/tex/generic/bitset/bitset.sty
(/usr/share/texlive/texmf-dist/tex/generic/bigintcalc/bigintcalc.sty))
(/usr/share/texlive/texmf-dist/tex/latex/base/atbegshi-ltx.sty))
(/usr/share/texlive/texmf-dist/tex/latex/hyperref/hpdftex.def
(/usr/share/texlive/texmf-dist/tex/latex/base/atveryend-ltx.sty)
(/usr/share/texlive/texmf-dist/tex/latex/rerunfilecheck/rerunfilecheck.sty
(/usr/share/texlive/texmf-dist/tex/generic/uniquecounter/uniquecounter.sty))))
(/usr/share/texlive/texmf-dist/tex/latex/base/makeidx.sty)
(/usr/share/texlive/texmf-dist/tex/latex/base/inputenc.sty)
Writing index file Rd2.idx
(/usr/share/texlive/texmf-dist/tex/latex/psnfss/t1ptm.fd)
(/usr/share/texlive/texmf-dist/tex/latex/l3backend/l3backend-pdftex.def)
(/tmp/RtmphMgrtm/Rd2pdf2db464e753806/Rd2.aux)
(/usr/share/texlive/texmf-dist/tex/context/base/mkii/supp-pdf.mkii
[Loading MPS to PDF converter (version 2006.09.02).]
) (/usr/share/texlive/texmf-dist/tex/latex/hyperref/nameref.sty
(/usr/share/texlive/texmf-dist/tex/latex/refcount/refcount.sty)
(/usr/share/texlive/texmf-dist/tex/generic/gettitlestring/gettitlestring.sty))
(/tmp/RtmphMgrtm/Rd2pdf2db464e753806/Rd2.out)
(/tmp/RtmphMgrtm/Rd2pdf2db464e753806/Rd2.out)
(/usr/share/texlive/texmf-dist/tex/latex/inconsolata/t1zi4.fd)
Overfull \hbox (49.4105pt too wide) in paragraph at lines 32--33
[]\T1/ptm/m/n/10 Ghoshdastidar et al. (2017) <[][]arXiv:1707.00833[][]>, Cerque
ira et al. (2017) <[][]doi:10.1109/TNSE.2017.2674026[][]>,  
(/usr/share/texlive/texmf-dist/tex/latex/amsfonts/umsa.fd)
(/usr/share/texlive/texmf-dist/tex/latex/amsfonts/umsb.fd)
(/usr/share/texlive/texmf-dist/tex/latex/jknapltx/ursfs.fd) [1{/var/lib/texmf/f
onts/map/pdftex/updmap/pdftex.map}]
(/usr/share/texlive/texmf-dist/tex/latex/psnfss/t1phv.fd)
(/tmp/RtmphMgrtm/Rd2pdf2db464e753806/Rd2.toc)
Overfull \hbox (39.91846pt too wide) in paragraph at lines 55--63
\T1/ptm/m/n/10 Tang et al. (2017) <doi:10.1080/10618600.2016.1193505>, Ghosh-da
sti-dar et al. (2017) <arXiv:1705.06168>,

Overfull \hbox (44.5979pt too wide) in paragraph at lines 55--63
\T1/ptm/m/n/10 Ghosh-dasti-dar et al. (2017) <arXiv:1707.00833>, Cerqueira et a
l. (2017) <doi:10.1109/TNSE.2017.2674026>,

Overfull \hbox (71.9173pt too wide) in paragraph at lines 55--63
\T1/ptm/m/n/10 Fraiman and Fraiman (2018) <doi:10.1038/s41598-018-23152-5>, Fu-
jita et al. (2019) <doi:10.1093/comnet/cnz028>. 
[2] (/usr/share/texlive/texmf-dist/tex/latex/psnfss/ts1ptm.fd) [3] [4]
Overfull \hbox (12.80643pt too wide) in paragraph at lines 227--230
\T1/ptm/m/n/10 ses for ran-dom graph dis-tri-bu-tions built from EEG data", htt
ps://ieeexplore.ieee.org/document/7862892 
[5] [6] [7]
Overfull \hbox (32.24408pt too wide) in paragraph at lines 407--407
 []\T1/zi4/m/n/9 estimated.parameter <- fast.graph.param.estimator(G, "WS",lo =
 0,hi = 0.5,eps = 1e-1, npoints = 10,[] 
[8] [9] [10]
Overfull \hbox (3.06883pt too wide) in paragraph at lines 578--582
\T1/ptm/m/n/10 Renyi ran-dom graph), "GRG" (ge-o-met-ric ran-dom graph), "KR" (
k reg-u-lar graph),
[11]
Overfull \hbox (4.06784pt too wide) in paragraph at lines 662--664
[]\T1/ptm/m/n/10 the p-value of the test (only re-turned when the pa-ram-e-ter 
'two.sample' is FALSE). 
[12] [13] [14]
Overfull \hbox (3.07779pt too wide) in paragraph at lines 780--782
[]\T1/ptm/m/n/10 the prob-a-bil-ity to re-con-nect a ver-tex, for the "WS" mode
l (Watts-Strogatz model); 
[15] [16] [17] [18] [19] [20] [21] [22] [23] [24] [25] [26] [27]
Overfull \hbox (1.89856pt too wide) in paragraph at lines 1603--1607
\T1/ptm/m/n/10 pared. For un-weighted graphs, each ma-trix con-tains only 0s an
d 1s. For weighted
[28] [29] [30] (/tmp/RtmphMgrtm/Rd2pdf2db464e753806/Rd2.ind [31]
Overfull \hbox (55.19458pt too wide) in paragraph at lines 31--32
\T1/ptm/b/n/10 semi_parametric_analysis_of_graph_variability  

LaTeX Font Warning: Font shape `T1/zi4/m/it' undefined
(Font)              using `T1/zi4/m/n' instead on input line 72.

[32]) (/tmp/RtmphMgrtm/Rd2pdf2db464e753806/Rd2.aux)

LaTeX Font Warning: Some font shapes were not available, defaults substituted.

 )
(see the transcript file for additional information){/usr/share/texlive/texmf-d
ist/fonts/enc/dvips/base/8r.enc}{/usr/share/texlive/texmf-dist/fonts/enc/dvips/
inconsolata/i4-t1-0.enc}</usr/share/texlive/texmf-dist/fonts/type1/public/incon
solata/Inconsolata-zi4r.pfb></usr/share/texlive/texmf-dist/fonts/type1/public/a
msfonts/cm/cmsy10.pfb></usr/share/texlive/texmf-dist/fonts/type1/urw/helvetic/u
hvr8a.pfb></usr/share/texlive/texmf-dist/fonts/type1/urw/times/utmb8a.pfb></usr
/share/texlive/texmf-dist/fonts/type1/urw/times/utmr8a.pfb></usr/share/texlive/
texmf-dist/fonts/type1/urw/times/utmr8a.pfb></usr/share/texlive/texmf-dist/font
s/type1/urw/times/utmri8a.pfb>
Output written on Rd2.pdf (32 pages, 156456 bytes).
Transcript written on Rd2.log.
Saving output to ‘statGraph-manual.pdf’ ...
Done
You may want to clean up by 'rm -Rf /tmp/RtmphMgrtm/Rd2pdf2db464e753806'
